// Jest Snapshot v1, https://goo.gl/fbAQLP

exports[`Application/Vehicles/List/Component should match saved snapshot 1`] = `
<article
  className="table"
>
  <section
    className="header"
  >
    <div
      className="cell"
      key="1"
    >
      Name
    </div>
    <div
      className="cell"
      key="1"
    >
      Cargo capacity
    </div>
    <div
      className="cell"
      key="1"
    >
      Passengers
    </div>
    <div
      className="cell"
      key="1"
    >
      Vehicle class
    </div>
    <div
      className="cell"
      key="1"
    >
      Cost in credits
    </div>
  </section>
</article>
`;
