// Jest Snapshot v1, https://goo.gl/fbAQLP

exports[`Application/app should match saved snapshot 1`] = `
<Provider
  store={
    Object {
      "dispatch": [Function],
      "getState": [Function],
      "replaceReducer": [Function],
      "subscribe": [Function],
      Symbol(observable): [Function],
    }
  }
>
  <Connect(VehiclesComponent)
    testProp="test"
  />
</Provider>
`;
